// Jest Snapshot v1, https://goo.gl/fbAQLP

exports[`LoginForm should match the snapshot 1`] = `
<form
  className="form-model"
  onSubmit={[Function]}
>
  <p
    className="login-message login-error"
  >
    string
  </p>
  <div>
    <label
      className="Form__label"
      htmlFor="email"
    >
      Your email
    </label>
    <input
      className="Form__input--error Form__input"
      id="email"
      name="email"
      onChange={[Function]}
      placeholder="your@email.com"
      type="text"
      value=""
    />
  </div>
  <div>
    <label
      className="Form__label"
      htmlFor="password"
    >
      Your password
    </label>
    <input
      className="Form__input--error Form__input"
      id="password"
      name="password"
      onChange={[Function]}
      placeholder="Must have at least 8 characters"
      type="password"
      value=""
    />
  </div>
  <button
    className="Form__button"
    type="submit"
  >
    Continue
  </button>
</form>
`;
