// Jest Snapshot v1, https://goo.gl/fbAQLP

exports[`App should match the snapshot 1`] = `
<main
  className="main"
>
  <Connect(Nav) />
  <Route
    path="/movies/:id"
    render={[Function]}
  />
  <Route
    path="/(|movies|signup|login)"
    render={[Function]}
  />
  <Route
    path="/(login|signup)"
    render={[Function]}
  />
  <Route
    exact={true}
    path="/favorites"
    render={[Function]}
  />
  <Footer />
</main>
`;
